---
title: Architecture Overview
tags: [architecture, system-design]
created: 2026-04-13
---

# Architecture Overview — web-app

> High-level system architecture and design decisions.

## Tech Stack

- **Language**: javascript
- **Package Manager**: npm
- **Frameworks**: React

## System Diagram

```
// Add your architecture diagram here
```

## Key Components

| Component | Responsibility | Notes |
|-----------|---------------|-------|
| | | |

## Data Flow

1.
2.
3.

## Dependencies

- External services:
- Third-party APIs:
- Message queues:

## Design Decisions

See [[decisions]] for a log of architectural decisions.
